Browser identity: {"resolved_path": "/usr/bin/chromium", "selected_path": "/usr/bin/chromium", "sha256": "2c8d32d29dc6781c35ae196ea83299d507ac88fc339301abe74672feda299779", "version": "Chromium 151.0.7922.173 built on Debian GNU/Linux 13 (trixie)", "version_exitcode": 0, "version_stderr": ""}
Staged source: {"instrumented_sha256": "0f548b2dad4255bfe984387795fbce8aaa7b7ee8b211577b0a4fb2b736693ed4", "source_sha256": "7c25b0b57722bda4ad6842b173bf9a390f2fa39942ad91206675a20e779d4d9b"}
FAIL lab-motes-contracts
  process: {"elapsed_sec": 25.030427985000017, "exitcode": null, "timed_out": true, "timeout_sec": 25}
  observed QA: {"json_error": "Expected exactly one completed QA result", "json_scenario": null, "json_status": null, "qa_count": 0, "qa_scenario": null, "qa_status": null, "runtime_error_count": null, "runtime_markers": [], "valid": false}
  raw artifacts: /workspace/LAB_SPEED_QUEUE_001-evidence/contracts-escalated-raw/lab-motes-contracts-1chozo4j
  Chromium stderr tail:
 "unix")
[1169:1196:1007/131502.018160:ERROR:dbus/bus.cc:405] Failed to connect to the bus: Failed to connect to socket /run/dbus/system_bus_socket: No such file or directory
[1169:1196:1007/131502.018341:ERROR:dbus/bus.cc:405] Failed to connect to the bus: Failed to connect to socket /run/dbus/system_bus_socket: No such file or directory
[1169:1196:1007/131502.018363:ERROR:dbus/bus.cc:405] Failed to connect to the bus: Could not parse server address: Unknown address type (examples of valid types are "tcp" and on UNIX "unix")
[1169:1196:1007/131502.334563:ERROR:dbus/bus.cc:405] Failed to connect to the bus: Could not parse server address: Unknown address type (examples of valid types are "tcp" and on UNIX "unix")
[1169:1196:1007/131502.364027:ERROR:dbus/bus.cc:405] Failed to connect to the bus: Could not parse server address: Unknown address type (examples of valid types are "tcp" and on UNIX "unix")
[1169:1169:1007/131502.374231:ERROR:dbus/object_proxy.cc:572] Failed to call method: org.freedesktop.DBus.NameHasOwner: object_path= /org/freedesktop/DBus: unknown error type: 
[1169:1169:1007/131502.374315:ERROR:dbus/object_proxy.cc:572] Failed to call method: org.freedesktop.DBus.NameHasOwner: object_path= /org/freedesktop/DBus: unknown error type: 
[1169:1196:1007/131502.376702:ERROR:dbus/bus.cc:405] Failed to connect to the bus: Could not parse server address: Unknown address type (examples of valid types are "tcp" and on UNIX "unix")
[1169:1196:1007/131502.376714:ERROR:dbus/bus.cc:405] Failed to connect to the bus: Could not parse server address: Unknown address type (examples of valid types are "tcp" and on UNIX "unix")
[1169:1169:1007/131502.379055:ERROR:dbus/object_proxy.cc:572] Failed to call method: org.freedesktop.DBus.NameHasOwner: object_path= /org/freedesktop/DBus: unknown error type: 
[1169:1169:1007/131502.381748:ERROR:dbus/object_proxy.cc:572] Failed to call method: org.freedesktop.DBus.NameHasOwner: object_path= /org/freedesktop/DBus: unknown error type: 
[1169:1196:1007/131502.383108:ERROR:dbus/bus.cc:405] Failed to connect to the bus: Failed to connect to socket /run/dbus/system_bus_socket: No such file or directory
[1169:1196:1007/131502.383146:ERROR:dbus/bus.cc:405] Failed to connect to the bus: Failed to connect to socket /run/dbus/system_bus_socket: No such file or directory
[1169:1169:1007/131502.383163:ERROR:dbus/object_proxy.cc:572] Failed to call method: org.freedesktop.DBus.NameHasOwner: object_path= /org/freedesktop/DBus: unknown error type: 
[1169:1169:1007/131502.383335:ERROR:dbus/object_proxy.cc:572] Failed to call method: org.freedesktop.DBus.NameHasOwner: object_path= /org/freedesktop/DBus: unknown error type: 
[1169:1196:1007/131502.383379:ERROR:dbus/bus.cc:405] Failed to connect to the bus: Could not parse server address: Unknown address type (examples of valid types are "tcp" and on UNIX "unix")
[1169:1169:1007/131502.446285:ERROR:dbus/object_proxy.cc:572] Failed to call method: org.freedesktop.DBus.Properties.GetAll: object_path= /org/freedesktop/UPower/devices/DisplayDevice: unknown error type: 
[1169:1169:1007/131502.446656:ERROR:dbus/object_proxy.cc:572] Failed to call method: org.freedesktop.DBus.NameHasOwner: object_path= /org/freedesktop/DBus: unknown error type: 
[1169:1196:1007/131502.446761:ERROR:dbus/bus.cc:405] Failed to connect to the bus: Could not parse server address: Unknown address type (examples of valid types are "tcp" and on UNIX "unix")
[1169:1169:1007/131502.470076:ERROR:dbus/object_proxy.cc:572] Failed to call method: org.freedesktop.DBus.NameHasOwner: object_path= /org/freedesktop/DBus: unknown error type: 
[1169:1196:1007/131502.470170:ERROR:dbus/bus.cc:405] Failed to connect to the bus: Could not parse server address: Unknown address type (examples of valid types are "tcp" and on UNIX "unix")
[1169:1169:1007/131502.478888:ERROR:dbus/object_proxy.cc:572] Failed to call method: org.freedesktop.DBus.NameHasOwner: object_path= /org/freedesktop/DBus: unknown error type: 

Behavioral QA failed: lab-motes-contracts None
