Browser identity: {"resolved_path": "/usr/bin/chromium", "selected_path": "/usr/bin/chromium", "sha256": "2c8d32d29dc6781c35ae196ea83299d507ac88fc339301abe74672feda299779", "version": "Chromium 151.0.7922.173 built on Debian GNU/Linux 13 (trixie)", "version_exitcode": 0, "version_stderr": ""}
Staged source: {"instrumented_sha256": "0f548b2dad4255bfe984387795fbce8aaa7b7ee8b211577b0a4fb2b736693ed4", "source_sha256": "7c25b0b57722bda4ad6842b173bf9a390f2fa39942ad91206675a20e779d4d9b"}
FAIL lab-motes-contracts
  process: {"elapsed_sec": 25.053987618000008, "exitcode": null, "timed_out": true, "timeout_sec": 25}
  observed QA: {"json_error": "Expected exactly one completed QA result", "json_scenario": null, "json_status": null, "qa_count": 0, "qa_scenario": null, "qa_status": null, "runtime_error_count": null, "runtime_markers": [], "valid": false}
  raw artifacts: /workspace/LAB_SPEED_QUEUE_001-evidence/contracts-raw/lab-motes-contracts-1vcy6m1f
  Chromium stderr tail:
_proxy.cc:572] Failed to call method: org.freedesktop.DBus.NameHasOwner: object_path= /org/freedesktop/DBus: unknown error type: 
[908:908:1007/131300.528821:ERROR:dbus/object_proxy.cc:572] Failed to call method: org.freedesktop.DBus.NameHasOwner: object_path= /org/freedesktop/DBus: unknown error type: 
[908:908:1007/131300.531854:ERROR:dbus/object_proxy.cc:572] Failed to call method: org.freedesktop.DBus.NameHasOwner: object_path= /org/freedesktop/DBus: unknown error type: 
[908:908:1007/131300.535653:ERROR:dbus/object_proxy.cc:572] Failed to call method: org.freedesktop.DBus.NameHasOwner: object_path= /org/freedesktop/DBus: unknown error type: 
[908:933:1007/131300.528852:ERROR:dbus/bus.cc:405] Failed to connect to the bus: Could not parse server address: Unknown address type (examples of valid types are "tcp" and on UNIX "unix")
[908:933:1007/131300.535793:ERROR:dbus/bus.cc:405] Failed to connect to the bus: Could not parse server address: Unknown address type (examples of valid types are "tcp" and on UNIX "unix")

(process:908): dconf-CRITICAL **: 13:13:00.564: unable to create directory '/home/agent/.cache/dconf': Read-only file system.  dconf will not work properly.

(process:908): dconf-CRITICAL **: 13:13:00.564: unable to create directory '/home/agent/.cache/dconf': Read-only file system.  dconf will not work properly.

(process:908): dconf-CRITICAL **: 13:13:00.564: unable to create directory '/home/agent/.cache/dconf': Read-only file system.  dconf will not work properly.
[908:945:1007/131300.612461:ERROR:content/browser/zygote_host/zygote_host_impl_linux.cc:279] Failed to adjust OOM score of renderer with pid 987: Read-only file system (30)
[908:945:1007/131300.650306:ERROR:content/browser/zygote_host/zygote_host_impl_linux.cc:279] Failed to adjust OOM score of renderer with pid 995: Read-only file system (30)
[908:945:1007/131300.654748:ERROR:content/browser/zygote_host/zygote_host_impl_linux.cc:279] Failed to adjust OOM score of renderer with pid 996: Read-only file system (30)
[908:933:1007/131300.669883:ERROR:dbus/bus.cc:405] Failed to connect to the bus: Failed to connect to socket /run/dbus/system_bus_socket: No such file or directory
[908:933:1007/131300.669910:ERROR:dbus/bus.cc:405] Failed to connect to the bus: Failed to connect to socket /run/dbus/system_bus_socket: No such file or directory
[908:908:1007/131300.670825:ERROR:dbus/object_proxy.cc:572] Failed to call method: org.freedesktop.DBus.NameHasOwner: object_path= /org/freedesktop/DBus: unknown error type: 
[908:908:1007/131300.671051:ERROR:dbus/object_proxy.cc:572] Failed to call method: org.freedesktop.DBus.NameHasOwner: object_path= /org/freedesktop/DBus: unknown error type: 
[908:933:1007/131300.671120:ERROR:dbus/bus.cc:405] Failed to connect to the bus: Could not parse server address: Unknown address type (examples of valid types are "tcp" and on UNIX "unix")
[908:908:1007/131300.684375:ERROR:dbus/object_proxy.cc:572] Failed to call method: org.freedesktop.DBus.Properties.GetAll: object_path= /org/freedesktop/UPower/devices/DisplayDevice: unknown error type: 
[908:908:1007/131300.685613:ERROR:dbus/object_proxy.cc:572] Failed to call method: org.freedesktop.DBus.NameHasOwner: object_path= /org/freedesktop/DBus: unknown error type: 
[908:933:1007/131300.685734:ERROR:dbus/bus.cc:405] Failed to connect to the bus: Could not parse server address: Unknown address type (examples of valid types are "tcp" and on UNIX "unix")
[908:908:1007/131300.722879:ERROR:dbus/object_proxy.cc:572] Failed to call method: org.freedesktop.DBus.NameHasOwner: object_path= /org/freedesktop/DBus: unknown error type: 
[908:933:1007/131300.723008:ERROR:dbus/bus.cc:405] Failed to connect to the bus: Could not parse server address: Unknown address type (examples of valid types are "tcp" and on UNIX "unix")
[908:908:1007/131300.728533:ERROR:dbus/object_proxy.cc:572] Failed to call method: org.freedesktop.DBus.NameHasOwner: object_path= /org/freedesktop/DBus: unknown error type: 

Behavioral QA failed: lab-motes-contracts None
