Browser identity: { "selected_path": "/usr/bin/chromium", "resolved_path": "/usr/bin/chromium", "sha256": "2c8d32d29dc6781c35ae196ea83299d507ac88fc339301abe74672feda299779", "version": "Chromium 151.0.7922.173 built on Debian GNU/Linux 13 (trixie)", "version_exitcode": 0, "version_stderr": "" }
Staged source: { "source_sha256": "4a9fac11b413071f9b722e2c50e0e46839d9de26e3214b52f619c279fc5d5607", "instrumented_sha256": "94f64d880098c9211e9dc29c5135761aed85568d45d799412b68ed8c08f319e1" }
FAIL inquiry-contracts
  process: { "exitcode": null, "timed_out": true, "elapsed_sec": 25.019927441, "timeout_sec": 25 }
  observed QA: { "qa_count": 0, "qa_status": null, "qa_scenario": null, "json_status": null, "json_scenario": null, "runtime_markers": [], "runtime_error_count": null, "json_error": "Expected exactly one completed QA result", "valid": false }
  raw artifacts: /workspace/LAB_SPEED_QUEUE_001-evidence/main-inquiry-raw/inquiry-contracts-nZMnMU
  Chromium stderr tail:
eedesktop.DBus.NameHasOwner: object_path= /org/freedesktop/DBus: unknown error type: 
[1357:1357:1007/131611.780579:ERROR:dbus/object_proxy.cc:572] Failed to call method: org.freedesktop.DBus.NameHasOwner: object_path= /org/freedesktop/DBus: unknown error type: 
[1357:1386:1007/131611.780777:ERROR:dbus/bus.cc:405] Failed to connect to the bus: Could not parse server address: Unknown address type (examples of valid types are "tcp" and on UNIX "unix")
[1357:1386:1007/131611.780788:ERROR:dbus/bus.cc:405] Failed to connect to the bus: Could not parse server address: Unknown address type (examples of valid types are "tcp" and on UNIX "unix")
[1357:1357:1007/131611.788242:ERROR:dbus/object_proxy.cc:572] Failed to call method: org.freedesktop.DBus.NameHasOwner: object_path= /org/freedesktop/DBus: unknown error type: 
[1357:1357:1007/131611.791881:ERROR:dbus/object_proxy.cc:572] Failed to call method: org.freedesktop.DBus.NameHasOwner: object_path= /org/freedesktop/DBus: unknown error type: 
[1357:1386:1007/131611.793830:ERROR:dbus/bus.cc:405] Failed to connect to the bus: Failed to connect to socket /run/dbus/system_bus_socket: No such file or directory
[1357:1357:1007/131611.793863:ERROR:dbus/object_proxy.cc:572] Failed to call method: org.freedesktop.DBus.NameHasOwner: object_path= /org/freedesktop/DBus: unknown error type: 
[1357:1357:1007/131611.794007:ERROR:dbus/object_proxy.cc:572] Failed to call method: org.freedesktop.DBus.NameHasOwner: object_path= /org/freedesktop/DBus: unknown error type: 
[1357:1386:1007/131611.794429:ERROR:dbus/bus.cc:405] Failed to connect to the bus: Failed to connect to socket /run/dbus/system_bus_socket: No such file or directory
[1357:1386:1007/131611.794442:ERROR:dbus/bus.cc:405] Failed to connect to the bus: Could not parse server address: Unknown address type (examples of valid types are "tcp" and on UNIX "unix")

(process:1357): dconf-CRITICAL **: 13:16:11.799: unable to create directory '/home/agent/.cache/dconf': Read-only file system.  dconf will not work properly.

(process:1357): dconf-CRITICAL **: 13:16:11.800: unable to create directory '/home/agent/.cache/dconf': Read-only file system.  dconf will not work properly.

(process:1357): dconf-CRITICAL **: 13:16:11.800: unable to create directory '/home/agent/.cache/dconf': Read-only file system.  dconf will not work properly.
[1357:1397:1007/131611.826947:ERROR:content/browser/zygote_host/zygote_host_impl_linux.cc:279] Failed to adjust OOM score of renderer with pid 1446: Read-only file system (30)
[1357:1397:1007/131611.851712:ERROR:content/browser/zygote_host/zygote_host_impl_linux.cc:279] Failed to adjust OOM score of renderer with pid 1455: Read-only file system (30)
[1357:1397:1007/131611.854388:ERROR:content/browser/zygote_host/zygote_host_impl_linux.cc:279] Failed to adjust OOM score of renderer with pid 1456: Read-only file system (30)
[1357:1357:1007/131611.869395:ERROR:dbus/object_proxy.cc:572] Failed to call method: org.freedesktop.DBus.Properties.GetAll: object_path= /org/freedesktop/UPower/devices/DisplayDevice: unknown error type: 
[1357:1357:1007/131611.869422:ERROR:dbus/object_proxy.cc:572] Failed to call method: org.freedesktop.DBus.NameHasOwner: object_path= /org/freedesktop/DBus: unknown error type: 
[1357:1386:1007/131611.870205:ERROR:dbus/bus.cc:405] Failed to connect to the bus: Could not parse server address: Unknown address type (examples of valid types are "tcp" and on UNIX "unix")
[1357:1357:1007/131611.892705:ERROR:dbus/object_proxy.cc:572] Failed to call method: org.freedesktop.DBus.NameHasOwner: object_path= /org/freedesktop/DBus: unknown error type: 
[1357:1386:1007/131611.893401:ERROR:dbus/bus.cc:405] Failed to connect to the bus: Could not parse server address: Unknown address type (examples of valid types are "tcp" and on UNIX "unix")
[1357:1357:1007/131611.898874:ERROR:dbus/object_proxy.cc:572] Failed to call method: org.freedesktop.DBus.NameHasOwner: object_path= /org/freedesktop/DBus: unknown error type: 

Behavioral QA failed: inquiry-contracts null
