[2577:2577:1007/131951.819322:ERROR:third_party/crashpad/crashpad/util/file/file_io_posix.cc:208] open /home/agent/.config/chromium/Crash Reports/settings.dat: Read-only file system (30)
[2577:2577:1007/131951.819382:ERROR:third_party/crashpad/crashpad/util/file/file_io_posix.cc:208] open /home/agent/.config/chromium/Crash Reports/settings.dat: Read-only file system (30)
[2577:2606:1007/131951.859927:ERROR:dbus/bus.cc:405] Failed to connect to the bus: Failed to connect to socket /run/dbus/system_bus_socket: No such file or directory
[2577:2606:1007/131951.863543:ERROR:dbus/bus.cc:405] Failed to connect to the bus: Could not parse server address: Unknown address type (examples of valid types are "tcp" and on UNIX "unix")
[2577:2606:1007/131951.863587:ERROR:dbus/bus.cc:405] Failed to connect to the bus: Failed to connect to socket /run/dbus/system_bus_socket: No such file or directory
[2577:2606:1007/131951.863606:ERROR:dbus/bus.cc:405] Failed to connect to the bus: Failed to connect to socket /run/dbus/system_bus_socket: No such file or directory
[2577:2606:1007/131951.863611:ERROR:dbus/bus.cc:405] Failed to connect to the bus: Could not parse server address: Unknown address type (examples of valid types are "tcp" and on UNIX "unix")
[2577:2619:1007/131951.868111:ERROR:content/browser/zygote_host/zygote_host_impl_linux.cc:279] Failed to adjust OOM score of renderer with pid 2621: Read-only file system (30)
[2577:2606:1007/131951.873576:ERROR:dbus/bus.cc:405] Failed to connect to the bus: Could not parse server address: Unknown address type (examples of valid types are "tcp" and on UNIX "unix")
[2577:2603:1007/131951.873777:ERROR:third_party/crashpad/crashpad/util/file/file_io_posix.cc:208] open /home/agent/.config/chromium/Crash Reports/settings.dat: Read-only file system (30)
[2577:2606:1007/131951.902928:ERROR:dbus/bus.cc:405] Failed to connect to the bus: Could not parse server address: Unknown address type (examples of valid types are "tcp" and on UNIX "unix")
[2577:2619:1007/131951.905106:ERROR:content/browser/zygote_host/zygote_host_impl_linux.cc:279] Failed to adjust OOM score of renderer with pid 2637: Read-only file system (30)
[2577:2577:1007/131951.918464:ERROR:dbus/object_proxy.cc:572] Failed to call method: org.freedesktop.DBus.NameHasOwner: object_path= /org/freedesktop/DBus: unknown error type: 
[2577:2577:1007/131951.918558:ERROR:dbus/object_proxy.cc:572] Failed to call method: org.freedesktop.DBus.NameHasOwner: object_path= /org/freedesktop/DBus: unknown error type: 
[2577:2606:1007/131951.918568:ERROR:dbus/bus.cc:405] Failed to connect to the bus: Could not parse server address: Unknown address type (examples of valid types are "tcp" and on UNIX "unix")
[2577:2606:1007/131951.918637:ERROR:dbus/bus.cc:405] Failed to connect to the bus: Could not parse server address: Unknown address type (examples of valid types are "tcp" and on UNIX "unix")
[2577:2577:1007/131951.918830:ERROR:dbus/object_proxy.cc:572] Failed to call method: org.freedesktop.DBus.NameHasOwner: object_path= /org/freedesktop/DBus: unknown error type: 
[2577:2577:1007/131951.926810:ERROR:dbus/object_proxy.cc:572] Failed to call method: org.freedesktop.DBus.NameHasOwner: object_path= /org/freedesktop/DBus: unknown error type: 
[2577:2577:1007/131951.929630:ERROR:dbus/object_proxy.cc:572] Failed to call method: org.freedesktop.DBus.NameHasOwner: object_path= /org/freedesktop/DBus: unknown error type: 
[2577:2577:1007/131951.929806:ERROR:dbus/object_proxy.cc:572] Failed to call method: org.freedesktop.DBus.NameHasOwner: object_path= /org/freedesktop/DBus: unknown error type: 
[2577:2606:1007/131951.929916:ERROR:dbus/bus.cc:405] Failed to connect to the bus: Failed to connect to socket /run/dbus/system_bus_socket: No such file or directory
[2577:2606:1007/131951.929936:ERROR:dbus/bus.cc:405] Failed to connect to the bus: Failed to connect to socket /run/dbus/system_bus_socket: No such file or directory
[2577:2606:1007/131951.929942:ERROR:dbus/bus.cc:405] Failed to connect to the bus: Could not parse server address: Unknown address type (examples of valid types are "tcp" and on UNIX "unix")

(process:2577): dconf-CRITICAL **: 13:19:51.935: unable to create file '/home/agent/.cache/dconf/user': Read-only file system.  dconf will not work properly.

(process:2577): dconf-CRITICAL **: 13:19:51.935: unable to create file '/home/agent/.cache/dconf/user': Read-only file system.  dconf will not work properly.

(process:2577): dconf-CRITICAL **: 13:19:51.935: unable to create file '/home/agent/.cache/dconf/user': Read-only file system.  dconf will not work properly.
[2577:2619:1007/131951.960917:ERROR:content/browser/zygote_host/zygote_host_impl_linux.cc:279] Failed to adjust OOM score of renderer with pid 2665: Read-only file system (30)
[2577:2619:1007/131951.983376:ERROR:content/browser/zygote_host/zygote_host_impl_linux.cc:279] Failed to adjust OOM score of renderer with pid 2674: Read-only file system (30)
[2577:2619:1007/131951.984924:ERROR:content/browser/zygote_host/zygote_host_impl_linux.cc:279] Failed to adjust OOM score of renderer with pid 2676: Read-only file system (30)
[2577:2577:1007/131952.001373:ERROR:dbus/object_proxy.cc:572] Failed to call method: org.freedesktop.DBus.Properties.GetAll: object_path= /org/freedesktop/UPower/devices/DisplayDevice: unknown error type: 
[2577:2577:1007/131952.001438:ERROR:dbus/object_proxy.cc:572] Failed to call method: org.freedesktop.DBus.NameHasOwner: object_path= /org/freedesktop/DBus: unknown error type: 
[2577:2606:1007/131952.001515:ERROR:dbus/bus.cc:405] Failed to connect to the bus: Could not parse server address: Unknown address type (examples of valid types are "tcp" and on UNIX "unix")
[2577:2577:1007/131952.015261:ERROR:dbus/object_proxy.cc:572] Failed to call method: org.freedesktop.DBus.NameHasOwner: object_path= /org/freedesktop/DBus: unknown error type: 
[2577:2606:1007/131952.015338:ERROR:dbus/bus.cc:405] Failed to connect to the bus: Could not parse server address: Unknown address type (examples of valid types are "tcp" and on UNIX "unix")
[2577:2577:1007/131952.026992:ERROR:dbus/object_proxy.cc:572] Failed to call method: org.freedesktop.DBus.NameHasOwner: object_path= /org/freedesktop/DBus: unknown error type: 
