Error: {"code":-32000,"message":"Inspected target navigated or closed"}
    at Socket.<anonymous> (/workspace/Lumenfall-swift-recovery/docs/qa/swift-recovery-cap-001/cdp-dump-dom.cjs:53:31)
    at Socket.emit (node:events:509:28)
    at addChunk (node:internal/streams/readable:563:12)
    at readableAddChunkPushByteMode (node:internal/streams/readable:514:3)
    at Readable.push (node:internal/streams/readable:394:5)
    at Pipe.onStreamRead (node:internal/stream_base_commons:189:23)
[5061:5061:1007/132808.897025:ERROR:third_party/crashpad/crashpad/util/file/file_io_posix.cc:208] open /home/agent/.config/chromium/Crash Reports/settings.dat: Read-only file system (30)
[5061:5061:1007/132808.897093:ERROR:third_party/crashpad/crashpad/util/file/file_io_posix.cc:208] open /home/agent/.config/chromium/Crash Reports/settings.dat: Read-only file system (30)
[5061:5091:1007/132808.942212:ERROR:dbus/bus.cc:405] Failed to connect to the bus: Failed to connect to socket /run/dbus/system_bus_socket: No such file or directory
[5061:5091:1007/132808.946212:ERROR:dbus/bus.cc:405] Failed to connect to the bus: Could not parse server address: Unknown address type (examples of valid types are "tcp" and on UNIX "unix")
[5061:5091:1007/132808.946614:ERROR:dbus/bus.cc:405] Failed to connect to the bus: Failed to connect to socket /run/dbus/system_bus_socket: No such file or directory
[5061:5091:1007/132808.947097:ERROR:dbus/bus.cc:405] Failed to connect to the bus: Failed to connect to socket /run/dbus/system_bus_socket: No such file or directory
[5061:5091:1007/132808.947112:ERROR:dbus/bus.cc:405] Failed to connect to the bus: Could not parse server address: Unknown address type (examples of valid types are "tcp" and on UNIX "unix")
[5061:5103:1007/132808.949840:ERROR:content/browser/zygote_host/zygote_host_impl_linux.cc:279] Failed to adjust OOM score of renderer with pid 5105: Read-only file system (30)
[5061:5091:1007/132808.955800:ERROR:dbus/bus.cc:405] Failed to connect to the bus: Could not parse server address: Unknown address type (examples of valid types are "tcp" and on UNIX "unix")
[5061:5087:1007/132808.956091:ERROR:third_party/crashpad/crashpad/util/file/file_io_posix.cc:208] open /home/agent/.config/chromium/Crash Reports/settings.dat: Read-only file system (30)
[5061:5091:1007/132808.994135:ERROR:dbus/bus.cc:405] Failed to connect to the bus: Could not parse server address: Unknown address type (examples of valid types are "tcp" and on UNIX "unix")
[5061:5103:1007/132808.994869:ERROR:content/browser/zygote_host/zygote_host_impl_linux.cc:279] Failed to adjust OOM score of renderer with pid 5121: Read-only file system (30)
[5061:5061:1007/132809.008801:ERROR:dbus/object_proxy.cc:572] Failed to call method: org.freedesktop.DBus.NameHasOwner: object_path= /org/freedesktop/DBus: unknown error type: 
[5061:5061:1007/132809.008869:ERROR:dbus/object_proxy.cc:572] Failed to call method: org.freedesktop.DBus.NameHasOwner: object_path= /org/freedesktop/DBus: unknown error type: 
[5061:5091:1007/132809.008981:ERROR:dbus/bus.cc:405] Failed to connect to the bus: Could not parse server address: Unknown address type (examples of valid types are "tcp" and on UNIX "unix")
[5061:5091:1007/132809.008995:ERROR:dbus/bus.cc:405] Failed to connect to the bus: Could not parse server address: Unknown address type (examples of valid types are "tcp" and on UNIX "unix")
[5061:5061:1007/132809.009303:ERROR:dbus/object_proxy.cc:572] Failed to call method: org.freedesktop.DBus.NameHasOwner: object_path= /org/freedesktop/DBus: unknown error type: 
[5061:5061:1007/132809.024327:ERROR:dbus/object_proxy.cc:572] Failed to call method: org.freedesktop.DBus.NameHasOwner: object_path= /org/freedesktop/DBus: unknown error type: 
[5061:5061:1007/132809.025906:ERROR:dbus/object_proxy.cc:572] Failed to call method: org.freedesktop.DBus.NameHasOwner: object_path= /org/freedesktop/DBus: unknown error type: 
[5061:5091:1007/132809.026544:ERROR:dbus/bus.cc:405] Failed to connect to the bus: Failed to connect to socket /run/dbus/system_bus_socket: No such file or directory
[5061:5091:1007/132809.026669:ERROR:dbus/bus.cc:405] Failed to connect to the bus: Failed to connect to socket /run/dbus/system_bus_socket: No such file or directory
[5061:5061:1007/132809.027637:ERROR:dbus/object_proxy.cc:572] Failed to call method: org.freedesktop.DBus.NameHasOwner: object_path= /org/freedesktop/DBus: unknown error type: 
[5061:5091:1007/132809.027862:ERROR:dbus/bus.cc:405] Failed to connect to the bus: Could not parse server address: Unknown address type (examples of valid types are "tcp" and on UNIX "unix")

(process:5061): dconf-CRITICAL **: 13:28:09.030: unable to create file '/home/agent/.cache/dconf/user': Read-only file system.  dconf will not work properly.

(process:5061): dconf-CRITICAL **: 13:28:09.030: unable to create file '/home/agent/.cache/dconf/user': Read-only file system.  dconf will not work properly.

(process:5061): dconf-CRITICAL **: 13:28:09.030: unable to create file '/home/agent/.cache/dconf/user': Read-only file system.  dconf will not work properly.
[5061:5103:1007/132809.052894:ERROR:content/browser/zygote_host/zygote_host_impl_linux.cc:279] Failed to adjust OOM score of renderer with pid 5151: Read-only file system (30)
[5061:5103:1007/132809.085550:ERROR:content/browser/zygote_host/zygote_host_impl_linux.cc:279] Failed to adjust OOM score of renderer with pid 5160: Read-only file system (30)
[5061:5103:1007/132809.086687:ERROR:content/browser/zygote_host/zygote_host_impl_linux.cc:279] Failed to adjust OOM score of renderer with pid 5161: Read-only file system (30)
[5061:5103:1007/132809.098745:ERROR:content/browser/zygote_host/zygote_host_impl_linux.cc:279] Failed to adjust OOM score of renderer with pid 5174: Read-only file system (30)
[5061:5061:1007/132809.107549:ERROR:dbus/object_proxy.cc:572] Failed to call method: org.freedesktop.DBus.Properties.GetAll: object_path= /org/freedesktop/UPower/devices/DisplayDevice: unknown error type: 
[5061:5061:1007/132809.107584:ERROR:dbus/object_proxy.cc:572] Failed to call method: org.freedesktop.DBus.NameHasOwner: object_path= /org/freedesktop/DBus: unknown error type: 
[5061:5091:1007/132809.107959:ERROR:dbus/bus.cc:405] Failed to connect to the bus: Could not parse server address: Unknown address type (examples of valid types are "tcp" and on UNIX "unix")
[5061:5061:1007/132809.120020:ERROR:dbus/object_proxy.cc:572] Failed to call method: org.freedesktop.DBus.NameHasOwner: object_path= /org/freedesktop/DBus: unknown error type: 
[5061:5091:1007/132809.120102:ERROR:dbus/bus.cc:405] Failed to connect to the bus: Could not parse server address: Unknown address type (examples of valid types are "tcp" and on UNIX "unix")
[5061:5061:1007/132809.133343:ERROR:dbus/object_proxy.cc:572] Failed to call method: org.freedesktop.DBus.NameHasOwner: object_path= /org/freedesktop/DBus: unknown error type: 
