Error: {"code":-32000,"message":"Inspected target navigated or closed"}
    at Socket.<anonymous> (/workspace/Lumenfall-swift-recovery/docs/qa/swift-recovery-cap-001/cdp-dump-dom.cjs:53:31)
    at Socket.emit (node:events:509:28)
    at addChunk (node:internal/streams/readable:563:12)
    at readableAddChunkPushByteMode (node:internal/streams/readable:514:3)
    at Readable.push (node:internal/streams/readable:394:5)
    at Pipe.onStreamRead (node:internal/stream_base_commons:189:23)
[4173:4173:1007/132801.170286:ERROR:third_party/crashpad/crashpad/util/file/file_io_posix.cc:208] open /home/agent/.config/chromium/Crash Reports/settings.dat: Read-only file system (30)
[4173:4173:1007/132801.170358:ERROR:third_party/crashpad/crashpad/util/file/file_io_posix.cc:208] open /home/agent/.config/chromium/Crash Reports/settings.dat: Read-only file system (30)
[4173:4201:1007/132801.216145:ERROR:dbus/bus.cc:405] Failed to connect to the bus: Failed to connect to socket /run/dbus/system_bus_socket: No such file or directory
[4173:4201:1007/132801.220126:ERROR:dbus/bus.cc:405] Failed to connect to the bus: Could not parse server address: Unknown address type (examples of valid types are "tcp" and on UNIX "unix")
[4173:4201:1007/132801.220172:ERROR:dbus/bus.cc:405] Failed to connect to the bus: Failed to connect to socket /run/dbus/system_bus_socket: No such file or directory
[4173:4201:1007/132801.220327:ERROR:dbus/bus.cc:405] Failed to connect to the bus: Failed to connect to socket /run/dbus/system_bus_socket: No such file or directory
[4173:4201:1007/132801.220425:ERROR:dbus/bus.cc:405] Failed to connect to the bus: Could not parse server address: Unknown address type (examples of valid types are "tcp" and on UNIX "unix")
[4173:4214:1007/132801.223638:ERROR:content/browser/zygote_host/zygote_host_impl_linux.cc:279] Failed to adjust OOM score of renderer with pid 4216: Read-only file system (30)
[4173:4201:1007/132801.229385:ERROR:dbus/bus.cc:405] Failed to connect to the bus: Could not parse server address: Unknown address type (examples of valid types are "tcp" and on UNIX "unix")
[4173:4199:1007/132801.229576:ERROR:third_party/crashpad/crashpad/util/file/file_io_posix.cc:208] open /home/agent/.config/chromium/Crash Reports/settings.dat: Read-only file system (30)
[4173:4201:1007/132801.263725:ERROR:dbus/bus.cc:405] Failed to connect to the bus: Could not parse server address: Unknown address type (examples of valid types are "tcp" and on UNIX "unix")
[4173:4214:1007/132801.267548:ERROR:content/browser/zygote_host/zygote_host_impl_linux.cc:279] Failed to adjust OOM score of renderer with pid 4232: Read-only file system (30)
[4173:4173:1007/132801.281562:ERROR:dbus/object_proxy.cc:572] Failed to call method: org.freedesktop.DBus.NameHasOwner: object_path= /org/freedesktop/DBus: unknown error type: 
[4173:4173:1007/132801.281628:ERROR:dbus/object_proxy.cc:572] Failed to call method: org.freedesktop.DBus.NameHasOwner: object_path= /org/freedesktop/DBus: unknown error type: 
[4173:4201:1007/132801.281719:ERROR:dbus/bus.cc:405] Failed to connect to the bus: Could not parse server address: Unknown address type (examples of valid types are "tcp" and on UNIX "unix")
[4173:4201:1007/132801.281732:ERROR:dbus/bus.cc:405] Failed to connect to the bus: Could not parse server address: Unknown address type (examples of valid types are "tcp" and on UNIX "unix")
[4173:4173:1007/132801.281879:ERROR:dbus/object_proxy.cc:572] Failed to call method: org.freedesktop.DBus.NameHasOwner: object_path= /org/freedesktop/DBus: unknown error type: 
[4173:4173:1007/132801.297352:ERROR:dbus/object_proxy.cc:572] Failed to call method: org.freedesktop.DBus.NameHasOwner: object_path= /org/freedesktop/DBus: unknown error type: 
[4173:4201:1007/132801.300552:ERROR:dbus/bus.cc:405] Failed to connect to the bus: Failed to connect to socket /run/dbus/system_bus_socket: No such file or directory
[4173:4173:1007/132801.300598:ERROR:dbus/object_proxy.cc:572] Failed to call method: org.freedesktop.DBus.NameHasOwner: object_path= /org/freedesktop/DBus: unknown error type: 
[4173:4173:1007/132801.300750:ERROR:dbus/object_proxy.cc:572] Failed to call method: org.freedesktop.DBus.NameHasOwner: object_path= /org/freedesktop/DBus: unknown error type: 
[4173:4201:1007/132801.300753:ERROR:dbus/bus.cc:405] Failed to connect to the bus: Failed to connect to socket /run/dbus/system_bus_socket: No such file or directory
[4173:4201:1007/132801.300925:ERROR:dbus/bus.cc:405] Failed to connect to the bus: Could not parse server address: Unknown address type (examples of valid types are "tcp" and on UNIX "unix")

(process:4173): dconf-CRITICAL **: 13:28:01.305: unable to create file '/home/agent/.cache/dconf/user': Read-only file system.  dconf will not work properly.

(process:4173): dconf-CRITICAL **: 13:28:01.305: unable to create file '/home/agent/.cache/dconf/user': Read-only file system.  dconf will not work properly.

(process:4173): dconf-CRITICAL **: 13:28:01.305: unable to create file '/home/agent/.cache/dconf/user': Read-only file system.  dconf will not work properly.
[4173:4214:1007/132801.328057:ERROR:content/browser/zygote_host/zygote_host_impl_linux.cc:279] Failed to adjust OOM score of renderer with pid 4263: Read-only file system (30)
[4173:4214:1007/132801.349278:ERROR:content/browser/zygote_host/zygote_host_impl_linux.cc:279] Failed to adjust OOM score of renderer with pid 4272: Read-only file system (30)
[4173:4214:1007/132801.350326:ERROR:content/browser/zygote_host/zygote_host_impl_linux.cc:279] Failed to adjust OOM score of renderer with pid 4273: Read-only file system (30)
[4173:4214:1007/132801.386451:ERROR:content/browser/zygote_host/zygote_host_impl_linux.cc:279] Failed to adjust OOM score of renderer with pid 4290: Read-only file system (30)
[4173:4173:1007/132801.395289:ERROR:dbus/object_proxy.cc:572] Failed to call method: org.freedesktop.DBus.Properties.GetAll: object_path= /org/freedesktop/UPower/devices/DisplayDevice: unknown error type: 
[4173:4173:1007/132801.395320:ERROR:dbus/object_proxy.cc:572] Failed to call method: org.freedesktop.DBus.NameHasOwner: object_path= /org/freedesktop/DBus: unknown error type: 
[4173:4201:1007/132801.395474:ERROR:dbus/bus.cc:405] Failed to connect to the bus: Could not parse server address: Unknown address type (examples of valid types are "tcp" and on UNIX "unix")
[4173:4173:1007/132801.413614:ERROR:dbus/object_proxy.cc:572] Failed to call method: org.freedesktop.DBus.NameHasOwner: object_path= /org/freedesktop/DBus: unknown error type: 
[4173:4201:1007/132801.413700:ERROR:dbus/bus.cc:405] Failed to connect to the bus: Could not parse server address: Unknown address type (examples of valid types are "tcp" and on UNIX "unix")
[4173:4173:1007/132801.426669:ERROR:dbus/object_proxy.cc:572] Failed to call method: org.freedesktop.DBus.NameHasOwner: object_path= /org/freedesktop/DBus: unknown error type: 
