Browser identity: {"resolved_path": "/usr/bin/chromium", "selected_path": "/usr/bin/chromium", "sha256": "2c8d32d29dc6781c35ae196ea83299d507ac88fc339301abe74672feda299779", "version": "Chromium 151.0.7922.173 built on Debian GNU/Linux 13 (trixie)", "version_exitcode": 0, "version_stderr": ""}
Staged source: {"instrumented_sha256": "ecce7d3af4f5a57c65a42542fb5b7e48974353036a08bbf0a476609752f694fb", "source_sha256": "8dad19f03d6c9032d8ea2e69a0b276fc0c4819653e51c3f7ce1f7cf89747e121"}
FAIL fresh-load
  process: {"elapsed_sec": 25.04010193099998, "exitcode": null, "timed_out": true, "timeout_sec": 25}
  observed QA: {"json_error": "Expected exactly one completed QA result", "json_scenario": null, "json_status": null, "qa_count": 0, "qa_scenario": null, "qa_status": null, "runtime_error_count": null, "runtime_markers": [], "valid": false}
  raw artifacts: /workspace/lumenfall-save-backup-ui-001/docs/qa/save-backup-ui-001/raw/fresh-load-nkc4_yn3
  Chromium stderr tail:
eedesktop.DBus.NameHasOwner: object_path= /org/freedesktop/DBus: unknown error type: 
[1411:1411:1007/132016.628295:ERROR:dbus/object_proxy.cc:572] Failed to call method: org.freedesktop.DBus.NameHasOwner: object_path= /org/freedesktop/DBus: unknown error type: 
[1411:1435:1007/132016.628320:ERROR:dbus/bus.cc:405] Failed to connect to the bus: Could not parse server address: Unknown address type (examples of valid types are "tcp" and on UNIX "unix")
[1411:1435:1007/132016.628343:ERROR:dbus/bus.cc:405] Failed to connect to the bus: Could not parse server address: Unknown address type (examples of valid types are "tcp" and on UNIX "unix")
[1411:1411:1007/132016.639997:ERROR:dbus/object_proxy.cc:572] Failed to call method: org.freedesktop.DBus.NameHasOwner: object_path= /org/freedesktop/DBus: unknown error type: 
[1411:1411:1007/132016.642012:ERROR:dbus/object_proxy.cc:572] Failed to call method: org.freedesktop.DBus.NameHasOwner: object_path= /org/freedesktop/DBus: unknown error type: 
[1411:1411:1007/132016.644212:ERROR:dbus/object_proxy.cc:572] Failed to call method: org.freedesktop.DBus.NameHasOwner: object_path= /org/freedesktop/DBus: unknown error type: 
[1411:1435:1007/132016.644213:ERROR:dbus/bus.cc:405] Failed to connect to the bus: Failed to connect to socket /run/dbus/system_bus_socket: No such file or directory
[1411:1435:1007/132016.644243:ERROR:dbus/bus.cc:405] Failed to connect to the bus: Failed to connect to socket /run/dbus/system_bus_socket: No such file or directory
[1411:1411:1007/132016.644391:ERROR:dbus/object_proxy.cc:572] Failed to call method: org.freedesktop.DBus.NameHasOwner: object_path= /org/freedesktop/DBus: unknown error type: 
[1411:1435:1007/132016.644463:ERROR:dbus/bus.cc:405] Failed to connect to the bus: Could not parse server address: Unknown address type (examples of valid types are "tcp" and on UNIX "unix")

(process:1411): dconf-CRITICAL **: 13:20:16.648: unable to create directory '/home/agent/.cache/dconf': Read-only file system.  dconf will not work properly.

(process:1411): dconf-CRITICAL **: 13:20:16.648: unable to create directory '/home/agent/.cache/dconf': Read-only file system.  dconf will not work properly.

(process:1411): dconf-CRITICAL **: 13:20:16.648: unable to create directory '/home/agent/.cache/dconf': Read-only file system.  dconf will not work properly.
[1411:1447:1007/132016.668296:ERROR:content/browser/zygote_host/zygote_host_impl_linux.cc:279] Failed to adjust OOM score of renderer with pid 1496: Read-only file system (30)
[1411:1447:1007/132016.693816:ERROR:content/browser/zygote_host/zygote_host_impl_linux.cc:279] Failed to adjust OOM score of renderer with pid 1506: Read-only file system (30)
[1411:1447:1007/132016.694805:ERROR:content/browser/zygote_host/zygote_host_impl_linux.cc:279] Failed to adjust OOM score of renderer with pid 1508: Read-only file system (30)
[1411:1411:1007/132016.707984:ERROR:dbus/object_proxy.cc:572] Failed to call method: org.freedesktop.DBus.Properties.GetAll: object_path= /org/freedesktop/UPower/devices/DisplayDevice: unknown error type: 
[1411:1411:1007/132016.708274:ERROR:dbus/object_proxy.cc:572] Failed to call method: org.freedesktop.DBus.NameHasOwner: object_path= /org/freedesktop/DBus: unknown error type: 
[1411:1435:1007/132016.708371:ERROR:dbus/bus.cc:405] Failed to connect to the bus: Could not parse server address: Unknown address type (examples of valid types are "tcp" and on UNIX "unix")
[1411:1411:1007/132016.734518:ERROR:dbus/object_proxy.cc:572] Failed to call method: org.freedesktop.DBus.NameHasOwner: object_path= /org/freedesktop/DBus: unknown error type: 
[1411:1435:1007/132016.734600:ERROR:dbus/bus.cc:405] Failed to connect to the bus: Could not parse server address: Unknown address type (examples of valid types are "tcp" and on UNIX "unix")
[1411:1411:1007/132016.741605:ERROR:dbus/object_proxy.cc:572] Failed to call method: org.freedesktop.DBus.NameHasOwner: object_path= /org/freedesktop/DBus: unknown error type: 

Behavioral QA failed: fresh-load None
