mkdir: cannot create directory ‘/home/agent/.local/share/applications’: Read-only file system
touch: cannot touch '/home/agent/.local/share/applications/mimeapps.list': No such file or directory
[3971:3971:1007/133025.722458:ERROR:third_party/crashpad/crashpad/util/file/filesystem_posix.cc:63] mkdir : No such file or directory (2)
chrome_crashpad_handler: --database is required
Try 'chrome_crashpad_handler --help' for more information.

Fontconfig error: No writable cache directories
	/var/cache/fontconfig
	/home/agent/.cache/fontconfig
	/home/agent/.fontconfig

Fontconfig error: No writable cache directories
	/var/cache/fontconfig
	/home/agent/.cache/fontconfig
	/home/agent/.fontconfig

Fontconfig error: No writable cache directories
	/var/cache/fontconfig
	/home/agent/.cache/fontconfig
	/home/agent/.fontconfig

Fontconfig error: No writable cache directories
	/var/cache/fontconfig
	/home/agent/.cache/fontconfig
	/home/agent/.fontconfig

Fontconfig error: No writable cache directories
	/var/cache/fontconfig
	/home/agent/.cache/fontconfig
	/home/agent/.fontconfig

Fontconfig error: No writable cache directories
	/var/cache/fontconfig
	/home/agent/.cache/fontconfig
	/home/agent/.fontconfig

Fontconfig error: No writable cache directories
	/var/cache/fontconfig
	/home/agent/.cache/fontconfig
	/home/agent/.fontconfig

Fontconfig error: No writable cache directories
	/var/cache/fontconfig
	/home/agent/.cache/fontconfig
	/home/agent/.fontconfig

Fontconfig error: No writable cache directories
	/var/cache/fontconfig
	/home/agent/.cache/fontconfig
	/home/agent/.fontconfig

Fontconfig error: No writable cache directories
	/var/cache/fontconfig
	/home/agent/.cache/fontconfig
	/home/agent/.fontconfig

Fontconfig error: No writable cache directories
	/var/cache/fontconfig
	/home/agent/.cache/fontconfig
	/home/agent/.fontconfig

Fontconfig error: No writable cache directories
	/var/cache/fontconfig
	/home/agent/.cache/fontconfig
	/home/agent/.fontconfig

Fontconfig error: No writable cache directories
	/var/cache/fontconfig
	/home/agent/.cache/fontconfig
	/home/agent/.fontconfig

Fontconfig error: No writable cache directories
	/var/cache/fontconfig
	/home/agent/.cache/fontconfig
	/home/agent/.fontconfig

Fontconfig error: No writable cache directories
	/var/cache/fontconfig
	/home/agent/.cache/fontconfig
	/home/agent/.fontconfig

Fontconfig error: No writable cache directories
	/var/cache/fontconfig
	/home/agent/.cache/fontconfig
	/home/agent/.fontconfig

Fontconfig error: No writable cache directories
	/var/cache/fontconfig
	/home/agent/.cache/fontconfig
	/home/agent/.fontconfig

Fontconfig error: No writable cache directories
	/var/cache/fontconfig
	/home/agent/.cache/fontconfig
	/home/agent/.fontconfig

Fontconfig error: No writable cache directories
	/var/cache/fontconfig
	/home/agent/.cache/fontconfig
	/home/agent/.fontconfig

Fontconfig error: No writable cache directories
	/var/cache/fontconfig
	/home/agent/.cache/fontconfig
	/home/agent/.fontconfig

Fontconfig error: No writable cache directories
	/var/cache/fontconfig
	/home/agent/.cache/fontconfig
	/home/agent/.fontconfig

Fontconfig error: No writable cache directories
	/var/cache/fontconfig
	/home/agent/.cache/fontconfig
	/home/agent/.fontconfig

Fontconfig error: No writable cache directories
	/var/cache/fontconfig
	/home/agent/.cache/fontconfig
	/home/agent/.fontconfig

Fontconfig error: No writable cache directories
	/var/cache/fontconfig
	/home/agent/.cache/fontconfig
	/home/agent/.fontconfig

Fontconfig error: No writable cache directories
	/var/cache/fontconfig
	/home/agent/.cache/fontconfig
	/home/agent/.fontconfig

Fontconfig error: No writable cache directories
	/var/cache/fontconfig
	/home/agent/.cache/fontconfig
	/home/agent/.fontconfig

Fontconfig error: No writable cache directories
	/var/cache/fontconfig
	/home/agent/.cache/fontconfig
	/home/agent/.fontconfig

Fontconfig error: No writable cache directories
	/var/cache/fontconfig
	/home/agent/.cache/fontconfig
	/home/agent/.fontconfig

Fontconfig error: No writable cache directories
	/var/cache/fontconfig
	/home/agent/.cache/fontconfig
	/home/agent/.fontconfig

Fontconfig error: No writable cache directories
	/var/cache/fontconfig
	/home/agent/.cache/fontconfig
	/home/agent/.fontconfig
[3971:3988:1007/133025.943589:ERROR:dbus/bus.cc:405] Failed to connect to the bus: Failed to connect to socket /run/dbus/system_bus_socket: No such file or directory
[3971:3988:1007/133025.944065:ERROR:dbus/bus.cc:405] Failed to connect to the bus: Could not parse server address: Unknown address type (examples of valid types are "tcp" and on UNIX "unix")
[3971:3988:1007/133025.944109:ERROR:dbus/bus.cc:405] Failed to connect to the bus: Failed to connect to socket /run/dbus/system_bus_socket: No such file or directory
[3971:3988:1007/133025.944139:ERROR:dbus/bus.cc:405] Failed to connect to the bus: Failed to connect to socket /run/dbus/system_bus_socket: No such file or directory
[3971:3988:1007/133025.944157:ERROR:dbus/bus.cc:405] Failed to connect to the bus: Failed to connect to socket /run/dbus/system_bus_socket: No such file or directory
[3971:3988:1007/133025.944169:ERROR:dbus/bus.cc:405] Failed to connect to the bus: Could not parse server address: Unknown address type (examples of valid types are "tcp" and on UNIX "unix")
[3971:3988:1007/133025.944180:ERROR:dbus/bus.cc:405] Failed to connect to the bus: Could not parse server address: Unknown address type (examples of valid types are "tcp" and on UNIX "unix")
[3971:3988:1007/133025.946038:ERROR:dbus/bus.cc:405] Failed to connect to the bus: Could not parse server address: Unknown address type (examples of valid types are "tcp" and on UNIX "unix")
[3971:4000:1007/133025.946144:ERROR:content/browser/zygote_host/zygote_host_impl_linux.cc:312] Failed to adjust OOM score of renderer with pid 4002: Read-only file system (30)
[3971:3988:1007/133025.971126:ERROR:dbus/bus.cc:405] Failed to connect to the bus: Could not parse server address: Unknown address type (examples of valid types are "tcp" and on UNIX "unix")
[3971:4000:1007/133025.972777:ERROR:content/browser/zygote_host/zygote_host_impl_linux.cc:312] Failed to adjust OOM score of renderer with pid 4018: Read-only file system (30)

(process:3971): dconf-CRITICAL **: 13:30:25.984: unable to create file '/home/agent/.cache/dconf/user': Read-only file system.  dconf will not work properly.

(process:3971): dconf-CRITICAL **: 13:30:25.985: unable to create file '/home/agent/.cache/dconf/user': Read-only file system.  dconf will not work properly.

(process:3971): dconf-CRITICAL **: 13:30:25.985: unable to create file '/home/agent/.cache/dconf/user': Read-only file system.  dconf will not work properly.
[3971:4000:1007/133026.014222:ERROR:content/browser/zygote_host/zygote_host_impl_linux.cc:312] Failed to adjust OOM score of renderer with pid 4042: Read-only file system (30)
[3971:4000:1007/133026.036802:ERROR:content/browser/zygote_host/zygote_host_impl_linux.cc:312] Failed to adjust OOM score of renderer with pid 4051: Read-only file system (30)
[3971:4000:1007/133026.038376:ERROR:content/browser/zygote_host/zygote_host_impl_linux.cc:312] Failed to adjust OOM score of renderer with pid 4053: Read-only file system (30)
[3971:3971:1007/133026.038412:ERROR:dbus/object_proxy.cc:572] Failed to call method: org.freedesktop.DBus.NameHasOwner: object_path= /org/freedesktop/DBus: unknown error type: 
[3971:3971:1007/133026.038487:ERROR:dbus/object_proxy.cc:572] Failed to call method: org.freedesktop.DBus.NameHasOwner: object_path= /org/freedesktop/DBus: unknown error type: 
[3971:3971:1007/133026.038568:ERROR:dbus/object_proxy.cc:572] Failed to call method: org.freedesktop.DBus.NameHasOwner: object_path= /org/freedesktop/DBus: unknown error type: 
[3971:3971:1007/133026.039769:ERROR:dbus/object_proxy.cc:572] Failed to call method: org.freedesktop.DBus.NameHasOwner: object_path= /org/freedesktop/DBus: unknown error type: 
[3971:3988:1007/133026.040519:ERROR:dbus/bus.cc:405] Failed to connect to the bus: Could not parse server address: Unknown address type (examples of valid types are "tcp" and on UNIX "unix")
[3971:3988:1007/133026.040539:ERROR:dbus/bus.cc:405] Failed to connect to the bus: Could not parse server address: Unknown address type (examples of valid types are "tcp" and on UNIX "unix")
[3971:3988:1007/133026.040544:ERROR:dbus/bus.cc:405] Failed to connect to the bus: Could not parse server address: Unknown address type (examples of valid types are "tcp" and on UNIX "unix")
[3971:4000:1007/133026.050326:ERROR:content/browser/zygote_host/zygote_host_impl_linux.cc:312] Failed to adjust OOM score of renderer with pid 4060: Read-only file system (30)
[3971:3988:1007/133026.052127:ERROR:dbus/bus.cc:405] Failed to connect to the bus: Failed to connect to socket /run/dbus/system_bus_socket: No such file or directory
[3971:3988:1007/133026.052149:ERROR:dbus/bus.cc:405] Failed to connect to the bus: Failed to connect to socket /run/dbus/system_bus_socket: No such file or directory
[3971:4000:1007/133026.052220:ERROR:content/browser/zygote_host/zygote_host_impl_linux.cc:312] Failed to adjust OOM score of renderer with pid 4068: Read-only file system (30)
[3971:3971:1007/133026.056494:ERROR:dbus/object_proxy.cc:572] Failed to call method: org.freedesktop.DBus.NameHasOwner: object_path= /org/freedesktop/DBus: unknown error type: 
[3971:3971:1007/133026.056672:ERROR:dbus/object_proxy.cc:572] Failed to call method: org.freedesktop.DBus.NameHasOwner: object_path= /org/freedesktop/DBus: unknown error type: 
[3971:3971:1007/133026.056719:ERROR:dbus/object_proxy.cc:572] Failed to call method: org.freedesktop.DBus.NameHasOwner: object_path= /org/freedesktop/DBus: unknown error type: 
[3971:3988:1007/133026.056743:ERROR:dbus/bus.cc:405] Failed to connect to the bus: Could not parse server address: Unknown address type (examples of valid types are "tcp" and on UNIX "unix")
[3971:3971:1007/133026.063713:ERROR:dbus/object_proxy.cc:572] Failed to call method: org.freedesktop.DBus.Properties.GetAll: object_path= /org/freedesktop/UPower/devices/DisplayDevice: unknown error type: 
[3971:3971:1007/133026.064788:ERROR:dbus/object_proxy.cc:572] Failed to call method: org.freedesktop.DBus.NameHasOwner: object_path= /org/freedesktop/DBus: unknown error type: 
[3971:3988:1007/133026.065137:ERROR:dbus/bus.cc:405] Failed to connect to the bus: Could not parse server address: Unknown address type (examples of valid types are "tcp" and on UNIX "unix")
[3971:3971:1007/133026.073369:ERROR:dbus/object_proxy.cc:572] Failed to call method: org.freedesktop.DBus.NameHasOwner: object_path= /org/freedesktop/DBus: unknown error type: 
[3971:3988:1007/133026.073443:ERROR:dbus/bus.cc:405] Failed to connect to the bus: Could not parse server address: Unknown address type (examples of valid types are "tcp" and on UNIX "unix")
[3971:3971:1007/133026.078494:ERROR:dbus/object_proxy.cc:572] Failed to call method: org.freedesktop.DBus.NameHasOwner: object_path= /org/freedesktop/DBus: unknown error type: 
[3971:4000:1007/133026.116324:ERROR:content/browser/zygote_host/zygote_host_impl_linux.cc:312] Failed to adjust OOM score of renderer with pid 4092: Read-only file system (30)
[3971:4000:1007/133026.128080:ERROR:content/browser/zygote_host/zygote_host_impl_linux.cc:312] Failed to adjust OOM score of renderer with pid 4099: Read-only file system (30)
