Error: {"code":-32000,"message":"Inspected target navigated or closed"}
    at Socket.<anonymous> (/workspace/Lumenfall-swift-recovery/docs/qa/swift-recovery-cap-001/cdp-dump-dom.cjs:53:31)
    at Socket.emit (node:events:509:28)
    at addChunk (node:internal/streams/readable:563:12)
    at readableAddChunkPushByteMode (node:internal/streams/readable:514:3)
    at Readable.push (node:internal/streams/readable:394:5)
    at Pipe.onStreamRead (node:internal/stream_base_commons:189:23)
[4529:4529:1007/132804.246808:ERROR:third_party/crashpad/crashpad/util/file/file_io_posix.cc:208] open /home/agent/.config/chromium/Crash Reports/settings.dat: Read-only file system (30)
[4529:4529:1007/132804.246881:ERROR:third_party/crashpad/crashpad/util/file/file_io_posix.cc:208] open /home/agent/.config/chromium/Crash Reports/settings.dat: Read-only file system (30)
[4529:4557:1007/132804.292712:ERROR:dbus/bus.cc:405] Failed to connect to the bus: Failed to connect to socket /run/dbus/system_bus_socket: No such file or directory
[4529:4557:1007/132804.296604:ERROR:dbus/bus.cc:405] Failed to connect to the bus: Could not parse server address: Unknown address type (examples of valid types are "tcp" and on UNIX "unix")
[4529:4557:1007/132804.296670:ERROR:dbus/bus.cc:405] Failed to connect to the bus: Failed to connect to socket /run/dbus/system_bus_socket: No such file or directory
[4529:4557:1007/132804.297516:ERROR:dbus/bus.cc:405] Failed to connect to the bus: Failed to connect to socket /run/dbus/system_bus_socket: No such file or directory
[4529:4557:1007/132804.297542:ERROR:dbus/bus.cc:405] Failed to connect to the bus: Could not parse server address: Unknown address type (examples of valid types are "tcp" and on UNIX "unix")
[4529:4570:1007/132804.300877:ERROR:content/browser/zygote_host/zygote_host_impl_linux.cc:279] Failed to adjust OOM score of renderer with pid 4572: Read-only file system (30)
[4529:4557:1007/132804.306846:ERROR:dbus/bus.cc:405] Failed to connect to the bus: Could not parse server address: Unknown address type (examples of valid types are "tcp" and on UNIX "unix")
[4529:4555:1007/132804.307056:ERROR:third_party/crashpad/crashpad/util/file/file_io_posix.cc:208] open /home/agent/.config/chromium/Crash Reports/settings.dat: Read-only file system (30)
[4529:4557:1007/132804.345027:ERROR:dbus/bus.cc:405] Failed to connect to the bus: Could not parse server address: Unknown address type (examples of valid types are "tcp" and on UNIX "unix")
[4529:4570:1007/132804.346163:ERROR:content/browser/zygote_host/zygote_host_impl_linux.cc:279] Failed to adjust OOM score of renderer with pid 4588: Read-only file system (30)
[4529:4529:1007/132804.358560:ERROR:dbus/object_proxy.cc:572] Failed to call method: org.freedesktop.DBus.NameHasOwner: object_path= /org/freedesktop/DBus: unknown error type: 
[4529:4557:1007/132804.358628:ERROR:dbus/bus.cc:405] Failed to connect to the bus: Could not parse server address: Unknown address type (examples of valid types are "tcp" and on UNIX "unix")
[4529:4529:1007/132804.358666:ERROR:dbus/object_proxy.cc:572] Failed to call method: org.freedesktop.DBus.NameHasOwner: object_path= /org/freedesktop/DBus: unknown error type: 
[4529:4557:1007/132804.358692:ERROR:dbus/bus.cc:405] Failed to connect to the bus: Could not parse server address: Unknown address type (examples of valid types are "tcp" and on UNIX "unix")
[4529:4529:1007/132804.358894:ERROR:dbus/object_proxy.cc:572] Failed to call method: org.freedesktop.DBus.NameHasOwner: object_path= /org/freedesktop/DBus: unknown error type: 
[4529:4529:1007/132804.365164:ERROR:dbus/object_proxy.cc:572] Failed to call method: org.freedesktop.DBus.NameHasOwner: object_path= /org/freedesktop/DBus: unknown error type: 
[4529:4557:1007/132804.369148:ERROR:dbus/bus.cc:405] Failed to connect to the bus: Failed to connect to socket /run/dbus/system_bus_socket: No such file or directory
[4529:4557:1007/132804.369218:ERROR:dbus/bus.cc:405] Failed to connect to the bus: Failed to connect to socket /run/dbus/system_bus_socket: No such file or directory
[4529:4529:1007/132804.369275:ERROR:dbus/object_proxy.cc:572] Failed to call method: org.freedesktop.DBus.NameHasOwner: object_path= /org/freedesktop/DBus: unknown error type: 
[4529:4529:1007/132804.370127:ERROR:dbus/object_proxy.cc:572] Failed to call method: org.freedesktop.DBus.NameHasOwner: object_path= /org/freedesktop/DBus: unknown error type: 
[4529:4557:1007/132804.370839:ERROR:dbus/bus.cc:405] Failed to connect to the bus: Could not parse server address: Unknown address type (examples of valid types are "tcp" and on UNIX "unix")

(process:4529): dconf-CRITICAL **: 13:28:04.374: unable to create file '/home/agent/.cache/dconf/user': Read-only file system.  dconf will not work properly.

(process:4529): dconf-CRITICAL **: 13:28:04.374: unable to create file '/home/agent/.cache/dconf/user': Read-only file system.  dconf will not work properly.

(process:4529): dconf-CRITICAL **: 13:28:04.375: unable to create file '/home/agent/.cache/dconf/user': Read-only file system.  dconf will not work properly.
[4529:4570:1007/132804.400773:ERROR:content/browser/zygote_host/zygote_host_impl_linux.cc:279] Failed to adjust OOM score of renderer with pid 4620: Read-only file system (30)
[4529:4570:1007/132804.437849:ERROR:content/browser/zygote_host/zygote_host_impl_linux.cc:279] Failed to adjust OOM score of renderer with pid 4629: Read-only file system (30)
[4529:4570:1007/132804.442016:ERROR:content/browser/zygote_host/zygote_host_impl_linux.cc:279] Failed to adjust OOM score of renderer with pid 4631: Read-only file system (30)
[4529:4570:1007/132804.450659:ERROR:content/browser/zygote_host/zygote_host_impl_linux.cc:279] Failed to adjust OOM score of renderer with pid 4643: Read-only file system (30)
[4529:4529:1007/132804.458563:ERROR:dbus/object_proxy.cc:572] Failed to call method: org.freedesktop.DBus.Properties.GetAll: object_path= /org/freedesktop/UPower/devices/DisplayDevice: unknown error type: 
[4529:4529:1007/132804.458869:ERROR:dbus/object_proxy.cc:572] Failed to call method: org.freedesktop.DBus.NameHasOwner: object_path= /org/freedesktop/DBus: unknown error type: 
[4529:4557:1007/132804.459459:ERROR:dbus/bus.cc:405] Failed to connect to the bus: Could not parse server address: Unknown address type (examples of valid types are "tcp" and on UNIX "unix")
[4529:4529:1007/132804.471303:ERROR:dbus/object_proxy.cc:572] Failed to call method: org.freedesktop.DBus.NameHasOwner: object_path= /org/freedesktop/DBus: unknown error type: 
[4529:4557:1007/132804.471378:ERROR:dbus/bus.cc:405] Failed to connect to the bus: Could not parse server address: Unknown address type (examples of valid types are "tcp" and on UNIX "unix")
[4529:4529:1007/132804.484318:ERROR:dbus/object_proxy.cc:572] Failed to call method: org.freedesktop.DBus.NameHasOwner: object_path= /org/freedesktop/DBus: unknown error type: 
