node:assert:885
    throw err;
    ^

AssertionError [ERR_ASSERTION]: lost-combined-paid-carry fails the intended independent oracle
    at rejects (/workspace/scratch/0848c4e4f365/Lumenfall-tree/tests/behavioral/tree-expansion-economy.cjs:397:12)
    at negatives (/workspace/scratch/0848c4e4f365/Lumenfall-tree/tests/behavioral/tree-expansion-economy.cjs:405:3)
    at verify (/workspace/scratch/0848c4e4f365/Lumenfall-tree/tests/behavioral/tree-expansion-economy.cjs:412:56)
    at Object.<anonymous> (/workspace/scratch/0848c4e4f365/Lumenfall-tree/tests/behavioral/tree-expansion-economy.cjs:417:148)
    at Module._compile (node:internal/modules/cjs/loader:1872:14)
    at Object..js (node:internal/modules/cjs/loader:2003:10)
    at Module.load (node:internal/modules/cjs/loader:1594:32)
    at Module._load (node:internal/modules/cjs/loader:1396:12)
    at wrapModuleLoad (node:internal/modules/cjs/loader:255:19)
    at Module.executeUserEntryPoint [as runMain] (node:internal/modules/run_main:154:5) {
  generatedMessage: false,
  code: 'ERR_ASSERTION',
  actual: 'combined transition retains all purchased ranks early-carry\n' +
    '+ actual - expected\n' +
    '... Skipped lines\n' +
    '\n' +
    '  {\n' +
    '    benchmentor: 0,\n' +
    '    bonds: 0,\n' +
    '    chargememory: 1,\n' +
    '    echo: 0,\n' +
    '...\n' +
    '    invitations: 0,\n' +
    '+   lumenmemory: 0,\n' +
    '-   lumenmemory: 1,\n' +
    '    momentum: 0,\n' +
    '    phasememory: 1,\n' +
    '    recruitreserve: 0,\n' +
    '    reserves: 0,\n' +
    '    riftstep: 1,\n',
  expected: /combined paid Lumen carry/,
  operator: 'match',
  diff: 'simple'
}

Node.js v24.19.0
