{"scenario":"p2-02b-wisp-hierarchy","status":"pass"}
{"scenario":"p2-02a-core-qol","status":"pass"}
{"scenario":"p2-wisp-progression-pacing","status":"pass"}
{"scenario":"p2-endgame-currency-utility","status":"pass"}
{"scenario":"p2-03a-wisp-role-integrity","status":"pass"}
{"scenario":"p1-05-control-regressions","status":"pass"}
{"scenario":"p1-05-accessibility-contract","status":"pass"}
{"scenario":"p1-05-reduced-motion","status":"pass"}
{"scenario":"layout-dense","status":"pass"}
{"scenario":"layout-fresh","status":"pass"}
{"scenario":"parity-short","status":"pass"}
{"scenario":"parity-medium-farm","status":"pass"}
{"scenario":"chronology-auto-empower-mid-window","status":"pass"}
{"scenario":"chronology-simultaneous-order","status":"pass"}
{"scenario":"restore-roundtrip","status":"pass"}
{"scenario":"legacy-backup-restore","status":"pass"}
{"scenario":"recovery-from-corrupt-primary","status":"pass"}
{"scenario":"recovery-offline-once","status":"pass"}
{"scenario":"lifecycle-background-resume","status":"pass"}
{"scenario":"wisp-formula-contract","status":"pass"}
{"status":"pass","profiles":20,"checks":0}
