node:assert:152
  throw new AssertionError(obj);
  ^

AssertionError [ERR_ASSERTION]: causal anchor ascend-drops-paid-slots

1 !== 2

    at Object.<anonymous> (/workspace/scratch/0848c4e4f365/Lumenfall-tree/tests/behavioral/lab-expansion.cjs:220:40)
    at Module._compile (node:internal/modules/cjs/loader:1872:14)
    at Object..js (node:internal/modules/cjs/loader:2003:10)
    at Module.load (node:internal/modules/cjs/loader:1594:32)
    at Module._load (node:internal/modules/cjs/loader:1396:12)
    at wrapModuleLoad (node:internal/modules/cjs/loader:255:19)
    at Module.executeUserEntryPoint [as runMain] (node:internal/modules/run_main:154:5)
    at node:internal/main/run_main_module:33:47 {
  generatedMessage: false,
  code: 'ERR_ASSERTION',
  actual: 1,
  expected: 2,
  operator: 'strictEqual',
  diff: 'simple'
}

Node.js v24.19.0
