[1955:1955:1007/133040.642170:ERROR:third_party/crashpad/crashpad/util/file/file_io_posix.cc:208] open /home/agent/.config/chromium/Crash Reports/settings.dat: Read-only file system (30)
[1955:1955:1007/133040.642297:ERROR:third_party/crashpad/crashpad/util/file/file_io_posix.cc:208] open /home/agent/.config/chromium/Crash Reports/settings.dat: Read-only file system (30)
[1955:1984:1007/133040.711323:ERROR:dbus/bus.cc:405] Failed to connect to the bus: Failed to connect to socket /run/dbus/system_bus_socket: No such file or directory
[1955:1984:1007/133040.715976:ERROR:dbus/bus.cc:405] Failed to connect to the bus: Could not parse server address: Unknown address type (examples of valid types are "tcp" and on UNIX "unix")
[1955:1984:1007/133040.716040:ERROR:dbus/bus.cc:405] Failed to connect to the bus: Failed to connect to socket /run/dbus/system_bus_socket: No such file or directory
[1955:1984:1007/133040.716115:ERROR:dbus/bus.cc:405] Failed to connect to the bus: Failed to connect to socket /run/dbus/system_bus_socket: No such file or directory
[1955:1984:1007/133040.716127:ERROR:dbus/bus.cc:405] Failed to connect to the bus: Could not parse server address: Unknown address type (examples of valid types are "tcp" and on UNIX "unix")
[1955:1995:1007/133040.721136:ERROR:content/browser/zygote_host/zygote_host_impl_linux.cc:279] Failed to adjust OOM score of renderer with pid 1997: Read-only file system (30)
[1955:1984:1007/133040.730791:ERROR:dbus/bus.cc:405] Failed to connect to the bus: Could not parse server address: Unknown address type (examples of valid types are "tcp" and on UNIX "unix")
[1955:1981:1007/133040.730939:ERROR:third_party/crashpad/crashpad/util/file/file_io_posix.cc:208] open /home/agent/.config/chromium/Crash Reports/settings.dat: Read-only file system (30)
[1955:1984:1007/133040.773539:ERROR:dbus/bus.cc:405] Failed to connect to the bus: Could not parse server address: Unknown address type (examples of valid types are "tcp" and on UNIX "unix")
[1955:1995:1007/133040.776390:ERROR:content/browser/zygote_host/zygote_host_impl_linux.cc:279] Failed to adjust OOM score of renderer with pid 2013: Read-only file system (30)
[1955:1955:1007/133040.795169:ERROR:dbus/object_proxy.cc:572] Failed to call method: org.freedesktop.DBus.NameHasOwner: object_path= /org/freedesktop/DBus: unknown error type: 
[1955:1955:1007/133040.795235:ERROR:dbus/object_proxy.cc:572] Failed to call method: org.freedesktop.DBus.NameHasOwner: object_path= /org/freedesktop/DBus: unknown error type: 
[1955:1984:1007/133040.795260:ERROR:dbus/bus.cc:405] Failed to connect to the bus: Could not parse server address: Unknown address type (examples of valid types are "tcp" and on UNIX "unix")
[1955:1984:1007/133040.795274:ERROR:dbus/bus.cc:405] Failed to connect to the bus: Could not parse server address: Unknown address type (examples of valid types are "tcp" and on UNIX "unix")
[1955:1955:1007/133040.795447:ERROR:dbus/object_proxy.cc:572] Failed to call method: org.freedesktop.DBus.NameHasOwner: object_path= /org/freedesktop/DBus: unknown error type: 
[1955:1955:1007/133040.804505:ERROR:dbus/object_proxy.cc:572] Failed to call method: org.freedesktop.DBus.NameHasOwner: object_path= /org/freedesktop/DBus: unknown error type: 
[1955:1984:1007/133040.807544:ERROR:dbus/bus.cc:405] Failed to connect to the bus: Failed to connect to socket /run/dbus/system_bus_socket: No such file or directory
[1955:1955:1007/133040.807553:ERROR:dbus/object_proxy.cc:572] Failed to call method: org.freedesktop.DBus.NameHasOwner: object_path= /org/freedesktop/DBus: unknown error type: 
[1955:1984:1007/133040.807599:ERROR:dbus/bus.cc:405] Failed to connect to the bus: Failed to connect to socket /run/dbus/system_bus_socket: No such file or directory
[1955:1955:1007/133040.807755:ERROR:dbus/object_proxy.cc:572] Failed to call method: org.freedesktop.DBus.NameHasOwner: object_path= /org/freedesktop/DBus: unknown error type: 
[1955:1984:1007/133040.807815:ERROR:dbus/bus.cc:405] Failed to connect to the bus: Could not parse server address: Unknown address type (examples of valid types are "tcp" and on UNIX "unix")

(process:1955): dconf-CRITICAL **: 13:30:40.813: unable to create file '/home/agent/.cache/dconf/user': Read-only file system.  dconf will not work properly.

(process:1955): dconf-CRITICAL **: 13:30:40.814: unable to create file '/home/agent/.cache/dconf/user': Read-only file system.  dconf will not work properly.

(process:1955): dconf-CRITICAL **: 13:30:40.814: unable to create file '/home/agent/.cache/dconf/user': Read-only file system.  dconf will not work properly.
[1955:1995:1007/133040.841398:ERROR:content/browser/zygote_host/zygote_host_impl_linux.cc:279] Failed to adjust OOM score of renderer with pid 2043: Read-only file system (30)
[1955:1995:1007/133040.882559:ERROR:content/browser/zygote_host/zygote_host_impl_linux.cc:279] Failed to adjust OOM score of renderer with pid 2052: Read-only file system (30)
[1955:1995:1007/133040.887638:ERROR:content/browser/zygote_host/zygote_host_impl_linux.cc:279] Failed to adjust OOM score of renderer with pid 2053: Read-only file system (30)
[1955:1955:1007/133040.904725:ERROR:dbus/object_proxy.cc:572] Failed to call method: org.freedesktop.DBus.Properties.GetAll: object_path= /org/freedesktop/UPower/devices/DisplayDevice: unknown error type: 
[1955:1955:1007/133040.905398:ERROR:dbus/object_proxy.cc:572] Failed to call method: org.freedesktop.DBus.NameHasOwner: object_path= /org/freedesktop/DBus: unknown error type: 
[1955:1984:1007/133040.905687:ERROR:dbus/bus.cc:405] Failed to connect to the bus: Could not parse server address: Unknown address type (examples of valid types are "tcp" and on UNIX "unix")
[1955:1955:1007/133040.942221:ERROR:dbus/object_proxy.cc:572] Failed to call method: org.freedesktop.DBus.NameHasOwner: object_path= /org/freedesktop/DBus: unknown error type: 
[1955:1984:1007/133040.942405:ERROR:dbus/bus.cc:405] Failed to connect to the bus: Could not parse server address: Unknown address type (examples of valid types are "tcp" and on UNIX "unix")
[1955:1955:1007/133040.958671:ERROR:dbus/object_proxy.cc:572] Failed to call method: org.freedesktop.DBus.NameHasOwner: object_path= /org/freedesktop/DBus: unknown error type: 
[1955:1955:1007/133052.575774:ERROR:content/common/zygote/zygote_communication_linux.cc:291] Failed to send GetTerminationStatus message to zygote
[1955:1955:1007/133052.580831:ERROR:content/common/zygote/zygote_communication_linux.cc:291] Failed to send GetTerminationStatus message to zygote
