Browser identity: {"resolved_path": "/usr/bin/chromium", "selected_path": "/usr/bin/chromium", "sha256": "2c8d32d29dc6781c35ae196ea83299d507ac88fc339301abe74672feda299779", "version": "Chromium 151.0.7922.173 built on Debian GNU/Linux 13 (trixie)", "version_exitcode": 0, "version_stderr": ""}
Staged source: {"instrumented_sha256": "6a7bdf5fc95047c3c3b4fea4327573d560fbc30ecca1a050a54c7778eec60c72", "source_sha256": "f896459f4f113b4173f8d1d1875f32cca9e3e4ae6f7416c6aca9be208f2537b4"}
FAIL inquiry-chronology
  process: {"elapsed_sec": 25.049188999999956, "exitcode": null, "timed_out": true, "timeout_sec": 25}
  observed QA: {"json_error": "Expected exactly one completed QA result", "json_scenario": null, "json_status": null, "qa_count": 0, "qa_scenario": null, "qa_status": null, "runtime_error_count": null, "runtime_markers": [], "valid": false}
  raw artifacts: /tmp/lumenfall-lab-exclusive-raw/inquiry-chronology-578pnok3
  Chromium stderr tail:
eedesktop.DBus.NameHasOwner: object_path= /org/freedesktop/DBus: unknown error type: 
[1284:1284:1007/132429.216542:ERROR:dbus/object_proxy.cc:572] Failed to call method: org.freedesktop.DBus.NameHasOwner: object_path= /org/freedesktop/DBus: unknown error type: 
[1284:1309:1007/132429.216615:ERROR:dbus/bus.cc:405] Failed to connect to the bus: Could not parse server address: Unknown address type (examples of valid types are "tcp" and on UNIX "unix")
[1284:1309:1007/132429.216643:ERROR:dbus/bus.cc:405] Failed to connect to the bus: Could not parse server address: Unknown address type (examples of valid types are "tcp" and on UNIX "unix")
[1284:1284:1007/132429.236527:ERROR:dbus/object_proxy.cc:572] Failed to call method: org.freedesktop.DBus.NameHasOwner: object_path= /org/freedesktop/DBus: unknown error type: 
[1284:1284:1007/132429.243727:ERROR:dbus/object_proxy.cc:572] Failed to call method: org.freedesktop.DBus.NameHasOwner: object_path= /org/freedesktop/DBus: unknown error type: 
[1284:1284:1007/132429.249295:ERROR:dbus/object_proxy.cc:572] Failed to call method: org.freedesktop.DBus.NameHasOwner: object_path= /org/freedesktop/DBus: unknown error type: 
[1284:1284:1007/132429.249518:ERROR:dbus/object_proxy.cc:572] Failed to call method: org.freedesktop.DBus.NameHasOwner: object_path= /org/freedesktop/DBus: unknown error type: 
[1284:1309:1007/132429.250393:ERROR:dbus/bus.cc:405] Failed to connect to the bus: Failed to connect to socket /run/dbus/system_bus_socket: No such file or directory
[1284:1309:1007/132429.250432:ERROR:dbus/bus.cc:405] Failed to connect to the bus: Failed to connect to socket /run/dbus/system_bus_socket: No such file or directory
[1284:1309:1007/132429.250443:ERROR:dbus/bus.cc:405] Failed to connect to the bus: Could not parse server address: Unknown address type (examples of valid types are "tcp" and on UNIX "unix")

(process:1284): dconf-CRITICAL **: 13:24:29.259: unable to create directory '/home/agent/.cache/dconf': Read-only file system.  dconf will not work properly.

(process:1284): dconf-CRITICAL **: 13:24:29.259: unable to create directory '/home/agent/.cache/dconf': Read-only file system.  dconf will not work properly.

(process:1284): dconf-CRITICAL **: 13:24:29.259: unable to create directory '/home/agent/.cache/dconf': Read-only file system.  dconf will not work properly.
[1284:1320:1007/132429.292668:ERROR:content/browser/zygote_host/zygote_host_impl_linux.cc:279] Failed to adjust OOM score of renderer with pid 1369: Read-only file system (30)
[1284:1320:1007/132429.343734:ERROR:content/browser/zygote_host/zygote_host_impl_linux.cc:279] Failed to adjust OOM score of renderer with pid 1379: Read-only file system (30)
[1284:1320:1007/132429.346336:ERROR:content/browser/zygote_host/zygote_host_impl_linux.cc:279] Failed to adjust OOM score of renderer with pid 1380: Read-only file system (30)
[1284:1284:1007/132429.367691:ERROR:dbus/object_proxy.cc:572] Failed to call method: org.freedesktop.DBus.Properties.GetAll: object_path= /org/freedesktop/UPower/devices/DisplayDevice: unknown error type: 
[1284:1284:1007/132429.367722:ERROR:dbus/object_proxy.cc:572] Failed to call method: org.freedesktop.DBus.NameHasOwner: object_path= /org/freedesktop/DBus: unknown error type: 
[1284:1309:1007/132429.368128:ERROR:dbus/bus.cc:405] Failed to connect to the bus: Could not parse server address: Unknown address type (examples of valid types are "tcp" and on UNIX "unix")
[1284:1284:1007/132429.404702:ERROR:dbus/object_proxy.cc:572] Failed to call method: org.freedesktop.DBus.NameHasOwner: object_path= /org/freedesktop/DBus: unknown error type: 
[1284:1309:1007/132429.406725:ERROR:dbus/bus.cc:405] Failed to connect to the bus: Could not parse server address: Unknown address type (examples of valid types are "tcp" and on UNIX "unix")
[1284:1284:1007/132429.426356:ERROR:dbus/object_proxy.cc:572] Failed to call method: org.freedesktop.DBus.NameHasOwner: object_path= /org/freedesktop/DBus: unknown error type: 

Behavioral QA failed: inquiry-chronology None
