Browser identity: {"resolved_path": "/usr/bin/chromium", "selected_path": "/usr/bin/chromium", "sha256": "2c8d32d29dc6781c35ae196ea83299d507ac88fc339301abe74672feda299779", "version": "Chromium 151.0.7922.173 built on Debian GNU/Linux 13 (trixie)", "version_exitcode": 0, "version_stderr": ""}
Staged source: {"instrumented_sha256": "6a7bdf5fc95047c3c3b4fea4327573d560fbc30ecca1a050a54c7778eec60c72", "source_sha256": "f896459f4f113b4173f8d1d1875f32cca9e3e4ae6f7416c6aca9be208f2537b4"}
FAIL inquiry-save-reload
  process: {"elapsed_sec": 25.034218494000015, "exitcode": null, "timed_out": true, "timeout_sec": 25}
  observed QA: {"json_error": "Expected exactly one completed QA result", "json_scenario": null, "json_status": null, "qa_count": 0, "qa_scenario": null, "qa_status": null, "runtime_error_count": null, "runtime_markers": [], "valid": false}
  raw artifacts: /tmp/lumenfall-lab-exclusive-raw/inquiry-save-reload-5t0arn8o
  Chromium stderr tail:
eedesktop.DBus.NameHasOwner: object_path= /org/freedesktop/DBus: unknown error type: 
[1469:1469:1007/132454.553070:ERROR:dbus/object_proxy.cc:572] Failed to call method: org.freedesktop.DBus.NameHasOwner: object_path= /org/freedesktop/DBus: unknown error type: 
[1469:1493:1007/132454.553314:ERROR:dbus/bus.cc:405] Failed to connect to the bus: Could not parse server address: Unknown address type (examples of valid types are "tcp" and on UNIX "unix")
[1469:1493:1007/132454.553334:ERROR:dbus/bus.cc:405] Failed to connect to the bus: Could not parse server address: Unknown address type (examples of valid types are "tcp" and on UNIX "unix")
[1469:1469:1007/132454.554857:ERROR:dbus/object_proxy.cc:572] Failed to call method: org.freedesktop.DBus.NameHasOwner: object_path= /org/freedesktop/DBus: unknown error type: 
[1469:1469:1007/132454.558315:ERROR:dbus/object_proxy.cc:572] Failed to call method: org.freedesktop.DBus.NameHasOwner: object_path= /org/freedesktop/DBus: unknown error type: 

(process:1469): dconf-CRITICAL **: 13:24:54.565: unable to create directory '/home/agent/.cache/dconf': Read-only file system.  dconf will not work properly.

(process:1469): dconf-CRITICAL **: 13:24:54.565: unable to create directory '/home/agent/.cache/dconf': Read-only file system.  dconf will not work properly.

(process:1469): dconf-CRITICAL **: 13:24:54.566: unable to create directory '/home/agent/.cache/dconf': Read-only file system.  dconf will not work properly.
[1469:1505:1007/132454.604778:ERROR:content/browser/zygote_host/zygote_host_impl_linux.cc:279] Failed to adjust OOM score of renderer with pid 1547: Read-only file system (30)
[1469:1505:1007/132454.643897:ERROR:content/browser/zygote_host/zygote_host_impl_linux.cc:279] Failed to adjust OOM score of renderer with pid 1557: Read-only file system (30)
[1469:1505:1007/132454.645552:ERROR:content/browser/zygote_host/zygote_host_impl_linux.cc:279] Failed to adjust OOM score of renderer with pid 1558: Read-only file system (30)
[1469:1493:1007/132454.660525:ERROR:dbus/bus.cc:405] Failed to connect to the bus: Failed to connect to socket /run/dbus/system_bus_socket: No such file or directory
[1469:1469:1007/132454.660532:ERROR:dbus/object_proxy.cc:572] Failed to call method: org.freedesktop.DBus.NameHasOwner: object_path= /org/freedesktop/DBus: unknown error type: 
[1469:1493:1007/132454.660565:ERROR:dbus/bus.cc:405] Failed to connect to the bus: Failed to connect to socket /run/dbus/system_bus_socket: No such file or directory
[1469:1469:1007/132454.660791:ERROR:dbus/object_proxy.cc:572] Failed to call method: org.freedesktop.DBus.NameHasOwner: object_path= /org/freedesktop/DBus: unknown error type: 
[1469:1493:1007/132454.660868:ERROR:dbus/bus.cc:405] Failed to connect to the bus: Could not parse server address: Unknown address type (examples of valid types are "tcp" and on UNIX "unix")
[1469:1469:1007/132454.672961:ERROR:dbus/object_proxy.cc:572] Failed to call method: org.freedesktop.DBus.Properties.GetAll: object_path= /org/freedesktop/UPower/devices/DisplayDevice: unknown error type: 
[1469:1469:1007/132454.673553:ERROR:dbus/object_proxy.cc:572] Failed to call method: org.freedesktop.DBus.NameHasOwner: object_path= /org/freedesktop/DBus: unknown error type: 
[1469:1493:1007/132454.673678:ERROR:dbus/bus.cc:405] Failed to connect to the bus: Could not parse server address: Unknown address type (examples of valid types are "tcp" and on UNIX "unix")
[1469:1469:1007/132454.734811:ERROR:dbus/object_proxy.cc:572] Failed to call method: org.freedesktop.DBus.NameHasOwner: object_path= /org/freedesktop/DBus: unknown error type: 
[1469:1493:1007/132454.735671:ERROR:dbus/bus.cc:405] Failed to connect to the bus: Could not parse server address: Unknown address type (examples of valid types are "tcp" and on UNIX "unix")
[1469:1469:1007/132454.762967:ERROR:dbus/object_proxy.cc:572] Failed to call method: org.freedesktop.DBus.NameHasOwner: object_path= /org/freedesktop/DBus: unknown error type: 

Behavioral QA failed: inquiry-save-reload None
