node:assert:152
  throw new AssertionError(obj);
  ^

AssertionError [ERR_ASSERTION]: ordinary recruitment/Empower quote ember 0 0

11 !== 10

    at eq (/workspace/scratch/0848c4e4f365/tree-work/audit-economy/measure-economy.cjs:20:53)
    at Object.<anonymous> (/workspace/scratch/0848c4e4f365/tree-work/audit-economy/measure-economy.cjs:53:15)
    at Module._compile (node:internal/modules/cjs/loader:1872:14)
    at Object..js (node:internal/modules/cjs/loader:2003:10)
    at Module.load (node:internal/modules/cjs/loader:1594:32)
    at Module._load (node:internal/modules/cjs/loader:1396:12)
    at wrapModuleLoad (node:internal/modules/cjs/loader:255:19)
    at Module.executeUserEntryPoint [as runMain] (node:internal/modules/run_main:154:5)
    at node:internal/main/run_main_module:33:47 {
  generatedMessage: false,
  code: 'ERR_ASSERTION',
  actual: 11,
  expected: 10,
  operator: 'deepStrictEqual',
  diff: 'simple'
}

Node.js v24.19.0
